// Jest Snapshot v1, https://goo.gl/fbAQLP

exports[`Landing Page #1: Snapshot testing 1`] = `ReactWrapper {}`;
