// Jest Snapshot v1, https://goo.gl/fbAQLP

exports[`Title Component #1: Snapshot testing 1`] = `[Function]`;
